\BOOKMARK [1][-]{Doc-Start}{\376\377\000A\000b\000s\000t\000r\000a\000c\000t}{}% 1
\BOOKMARK [0][-]{chapter*.1}{\376\377\000A\000c\000k\000n\000o\000w\000l\000e\000d\000g\000e\000m\000e\000n\000t\000s}{}% 2
\BOOKMARK [0][-]{chapter.1}{\376\377\000I\000n\000t\000r\000o\000d\000u\000c\000t\000i\000o\000n}{}% 3
\BOOKMARK [1][-]{section.1.1}{\376\377\000M\000o\000t\000i\000v\000a\000t\000i\000o\000n\000s}{chapter.1}% 4
\BOOKMARK [1][-]{section.1.2}{\376\377\000R\000e\000s\000e\000a\000r\000c\000h\000\040\000O\000b\000j\000e\000c\000t\000i\000v\000e\000s}{chapter.1}% 5
\BOOKMARK [1][-]{section.1.3}{\376\377\000R\000e\000s\000e\000a\000r\000c\000h\000\040\000E\000x\000p\000e\000r\000i\000m\000e\000n\000t\000s}{chapter.1}% 6
\BOOKMARK [1][-]{section.1.4}{\376\377\000S\000c\000i\000e\000n\000t\000i\000f\000i\000c\000\040\000a\000n\000d\000\040\000I\000n\000d\000u\000s\000t\000r\000i\000a\000l\000\040\000C\000o\000n\000t\000r\000i\000b\000u\000t\000i\000o\000n\000s}{chapter.1}% 7
\BOOKMARK [1][-]{section.1.5}{\376\377\000T\000h\000e\000s\000i\000s\000\040\000S\000t\000r\000u\000c\000t\000u\000r\000e}{chapter.1}% 8
\BOOKMARK [0][-]{chapter.2}{\376\377\000B\000a\000c\000k\000g\000r\000o\000u\000n\000d\000\040\000a\000n\000d\000\040\000L\000i\000t\000e\000r\000a\000t\000u\000r\000e\000\040\000R\000e\000v\000i\000e\000w}{}% 9
\BOOKMARK [1][-]{section.2.1}{\376\377\000I\000m\000p\000o\000r\000t\000a\000n\000c\000e\000\040\000o\000f\000\040\000R\000e\000g\000i\000m\000e\000\040\000D\000e\000t\000e\000c\000t\000i\000o\000n\000\040\000i\000n\000\040\000F\000i\000n\000a\000n\000c\000i\000a\000l\000\040\000M\000a\000r\000k\000e\000t\000s}{chapter.2}% 10
\BOOKMARK [1][-]{section.2.2}{\376\377\000P\000a\000r\000a\000m\000e\000t\000r\000i\000c\000\040\000A\000p\000p\000r\000o\000a\000c\000h\000e\000s\000:\000\040\000H\000i\000d\000d\000e\000n\000\040\000M\000a\000r\000k\000o\000v\000\040\000M\000o\000d\000e\000l}{chapter.2}% 11
\BOOKMARK [1][-]{section.2.3}{\376\377\000S\000t\000r\000u\000c\000t\000u\000r\000a\000l\000\040\000B\000r\000e\000a\000k\000s\000\040\000A\000p\000p\000r\000o\000a\000c\000h}{chapter.2}% 12
\BOOKMARK [1][-]{section.2.4}{\376\377\000D\000i\000s\000t\000r\000i\000b\000u\000t\000i\000o\000n\000a\000l\000\040\000m\000o\000d\000e\000l\000\040\000f\000r\000e\000e\000\040\000R\000e\000g\000i\000m\000e\000\040\000D\000e\000t\000e\000c\000t\000i\000o\000n}{chapter.2}% 13
\BOOKMARK [1][-]{section.2.5}{\376\377\000M\000o\000n\000t\000e\000\040\000C\000a\000r\000l\000o\000\040\000E\000s\000t\000i\000m\000a\000t\000i\000o\000n\000\040\000a\000n\000d\000\040\000O\000r\000t\000h\000o\000g\000o\000n\000a\000l\000\040\000S\000a\000m\000p\000l\000i\000n\000g}{chapter.2}% 14
\BOOKMARK [1][-]{section.2.6}{\376\377\000S\000u\000m\000m\000a\000r\000y}{chapter.2}% 15
\BOOKMARK [0][-]{chapter.3}{\376\377\000M\000e\000t\000h\000o\000d\000o\000l\000o\000g\000y\000\040\000a\000n\000d\000\040\000T\000h\000e\000o\000r\000e\000t\000i\000c\000a\000l\000\040\000B\000a\000c\000k\000g\000r\000o\000u\000n\000d}{}% 16
\BOOKMARK [1][-]{section.3.1}{\376\377\000I\000n\000t\000r\000o\000d\000u\000c\000t\000i\000o\000n}{chapter.3}% 17
\BOOKMARK [1][-]{section.3.2}{\376\377\000W\000a\000s\000s\000e\000r\000s\000t\000e\000i\000n\000\040\000D\000i\000s\000t\000a\000n\000c\000e\000\040\000a\000n\000d\000\040\000B\000a\000r\000y\000c\000e\000n\000t\000e\000r\000s}{chapter.3}% 18
\BOOKMARK [1][-]{section.3.3}{\376\377\000S\000l\000i\000c\000e\000d\000\040\000W\000a\000s\000s\000e\000r\000s\000t\000e\000i\000n\000\040\000d\000i\000s\000t\000a\000n\000c\000e\000\040\000a\000n\000d\000\040\000U\000n\000i\000f\000O\000r\000t\000h\000o\000\040\000P\000r\000o\000j\000e\000c\000t\000i\000o\000n\000s}{chapter.3}% 19
\BOOKMARK [1][-]{section.3.4}{\376\377\000V\000a\000r\000i\000a\000n\000c\000e\000\040\000o\000f\000\040\000U\000n\000i\000f\000O\000r\000t\000h\000o\000\040\000E\000s\000t\000i\000m\000a\000t\000o\000r}{chapter.3}% 20
\BOOKMARK [1][-]{section.3.5}{\376\377\000I\000m\000p\000l\000i\000e\000d\000\040\000P\000r\000o\000b\000a\000b\000i\000l\000i\000t\000y\000\040\000o\000f\000\040\000R\000e\000g\000i\000m\000e\000\040\000S\000w\000i\000t\000c\000h\000e\000s}{chapter.3}% 21
\BOOKMARK [2][-]{subsection.3.5.1}{\376\377\000B\000a\000y\000e\000s\000i\000a\000n\000\040\000I\000n\000f\000e\000r\000e\000n\000c\000e\000\040\000f\000o\000r\000\040\000R\000e\000g\000i\000m\000e\000\040\000S\000w\000i\000t\000c\000h\000e\000s}{section.3.5}% 22
\BOOKMARK [2][-]{subsection.3.5.2}{\376\377\000\040\000M\000o\000m\000e\000n\000t\000u\000m\000\040\000f\000o\000r\000\040\000R\000e\000g\000i\000m\000e\000\040\000S\000w\000i\000t\000c\000h\000e\000s}{section.3.5}% 23
\BOOKMARK [1][-]{section.3.6}{\376\377\000S\000u\000m\000m\000a\000r\000y}{chapter.3}% 24
\BOOKMARK [0][-]{chapter.4}{\376\377\000E\000x\000p\000e\000r\000i\000m\000e\000n\000t\000\040\0001\000:\000\040\000S\000y\000n\000t\000h\000e\000t\000i\000c\000\040\000D\000a\000t\000a\000\040\000T\000e\000s\000t\000i\000n\000g}{}% 25
\BOOKMARK [1][-]{section.4.1}{\376\377\000I\000n\000t\000r\000o\000d\000u\000c\000t\000i\000o\000n}{chapter.4}% 26
\BOOKMARK [1][-]{section.4.2}{\376\377\000B\000a\000c\000k\000g\000r\000o\000u\000n\000d}{chapter.4}% 27
\BOOKMARK [1][-]{section.4.3}{\376\377\000D\000a\000t\000a\000\040\000S\000e\000t}{chapter.4}% 28
\BOOKMARK [1][-]{section.4.4}{\376\377\000R\000e\000s\000u\000l\000t\000s\000\040\000a\000n\000d\000\040\000D\000i\000s\000c\000u\000s\000s\000i\000o\000n}{chapter.4}% 29
\BOOKMARK [2][-]{subsection.4.4.1}{\376\377\000T\000y\000p\000e\000\040\000A\000\040\000a\000n\000d\000\040\000B\000\040\000d\000a\000t\000a}{section.4.4}% 30
\BOOKMARK [2][-]{subsection.4.4.2}{\376\377\000T\000y\000p\000e\000\040\000C\000\040\000a\000n\000d\000\040\000D\000\040\000d\000a\000t\000a}{section.4.4}% 31
\BOOKMARK [2][-]{subsection.4.4.3}{\376\377\000A\000n\000a\000l\000y\000s\000i\000s\000\040\000w\000i\000t\000h\000\040\000f\000i\000x\000e\000d\000\040\000h\000y\000p\000e\000r\000p\000a\000r\000a\000m\000e\000t\000e\000r\000\040\000s\000e\000t\000t\000i\000n\000g\000s}{section.4.4}% 32
\BOOKMARK [2][-]{subsection.4.4.4}{\376\377\000D\000i\000s\000c\000u\000s\000s\000i\000o\000n\000\040\000o\000n\000\040\000h\000i\000g\000h\000e\000r\000\040\000d\000i\000m\000e\000n\000s\000i\000o\000n\000s}{section.4.4}% 33
\BOOKMARK [1][-]{section.4.5}{\376\377\000S\000u\000m\000m\000a\000r\000y}{chapter.4}% 34
\BOOKMARK [0][-]{chapter.5}{\376\377\000E\000x\000p\000e\000r\000i\000m\000e\000n\000t\000\040\0002\000:\000\040\000S\000l\000i\000c\000e\000d\000\040\000W\000a\000s\000s\000e\000r\000s\000t\000e\000i\000n\000\040\000o\000n\000\040\000r\000e\000a\000l\000-\000w\000o\000r\000l\000d\000\040\000d\000a\000t\000a\000\040\000s\000e\000t\000s\000.}{}% 35
\BOOKMARK [1][-]{section.5.1}{\376\377\000I\000n\000t\000r\000o\000d\000u\000c\000t\000i\000o\000n}{chapter.5}% 36
\BOOKMARK [1][-]{section.5.2}{\376\377\000B\000a\000c\000k\000g\000r\000o\000u\000n\000d}{chapter.5}% 37
\BOOKMARK [2][-]{subsection.5.2.1}{\376\377\000H\000y\000p\000e\000r\000p\000a\000r\000a\000m\000e\000t\000e\000r\000s}{section.5.2}% 38
\BOOKMARK [1][-]{section.5.3}{\376\377\000D\000a\000t\000a\000\040\000S\000e\000t}{chapter.5}% 39
\BOOKMARK [1][-]{section.5.4}{\376\377\000R\000e\000s\000u\000l\000t\000s\000\040\000a\000n\000d\000\040\000D\000i\000s\000c\000u\000s\000s\000i\000o\000n}{chapter.5}% 40
\BOOKMARK [2][-]{subsection.5.4.1}{\376\377\000S\000l\000i\000c\000e\000d\000\040\000W\000a\000s\000s\000e\000r\000s\000t\000e\000i\000n\000\040\000R\000e\000g\000i\000m\000e\000\040\000D\000e\000t\000e\000c\000t\000i\000o\000n\000\040\000w\000i\000t\000h\000\040\000L\000o\000o\000k\000-\000A\000h\000e\000a\000d}{section.5.4}% 41
\BOOKMARK [2][-]{subsection.5.4.2}{\376\377\000T\000r\000a\000d\000i\000n\000g\000\040\000s\000t\000r\000a\000t\000e\000g\000i\000e\000s\000\040\000u\000s\000i\000n\000g\000\040\000S\000l\000i\000c\000e\000d\000\040\000W\000a\000s\000s\000e\000r\000s\000t\000e\000i\000n\000\040\000\050\0001\0009\0009\0000\000-\0002\0000\0002\0000\000\051}{section.5.4}% 42
\BOOKMARK [2][-]{subsection.5.4.3}{\376\377\000H\000y\000p\000e\000r\000p\000a\000r\000a\000m\000e\000t\000e\000r\000\040\000t\000u\000n\000i\000n\000g}{section.5.4}% 43
\BOOKMARK [2][-]{subsection.5.4.4}{\376\377\000S\000i\000m\000u\000l\000a\000t\000i\000o\000n\000\040\000o\000n\000\040\000t\000e\000s\000t\000\040\000d\000a\000t\000a\000\040\000\050\000p\000o\000s\000t\000-\0002\0000\0002\0000\000\051}{section.5.4}% 44
\BOOKMARK [1][-]{section.5.5}{\376\377\000S\000u\000m\000m\000a\000r\000y}{chapter.5}% 45
\BOOKMARK [0][-]{chapter.6}{\376\377\000E\000x\000p\000e\000r\000i\000m\000e\000n\000t\000\040\0003\000:\000\040\000I\000n\000t\000e\000r\000p\000r\000e\000t\000a\000b\000i\000l\000i\000t\000y\000\040\000o\000f\000\040\000c\000l\000u\000s\000t\000e\000r\000i\000n\000g\000\040\000r\000e\000s\000u\000l\000t\000s}{}% 46
\BOOKMARK [1][-]{section.6.1}{\376\377\000I\000n\000t\000r\000o\000d\000u\000c\000t\000i\000o\000n}{chapter.6}% 47
\BOOKMARK [1][-]{section.6.2}{\376\377\000B\000a\000c\000k\000g\000r\000o\000u\000n\000d}{chapter.6}% 48
\BOOKMARK [2][-]{subsection.6.2.1}{\376\377\000S\000H\000A\000P\000\040\000A\000n\000a\000l\000y\000s\000i\000s}{section.6.2}% 49
\BOOKMARK [1][-]{section.6.3}{\376\377\000D\000a\000t\000a\000\040\000S\000e\000t}{chapter.6}% 50
\BOOKMARK [1][-]{section.6.4}{\376\377\000R\000e\000s\000u\000l\000t\000s\000\040\000a\000n\000d\000\040\000D\000i\000s\000c\000u\000s\000s\000i\000o\000n}{chapter.6}% 51
\BOOKMARK [1][-]{section.6.5}{\376\377\000S\000u\000m\000m\000a\000r\000y}{chapter.6}% 52
\BOOKMARK [0][-]{chapter.7}{\376\377\000C\000o\000n\000c\000l\000u\000s\000i\000o\000n\000\040\000a\000n\000d\000\040\000F\000u\000t\000u\000r\000e\000\040\000W\000o\000r\000k}{}% 53
\BOOKMARK [1][-]{section.7.1}{\376\377\000S\000u\000m\000m\000a\000r\000y}{chapter.7}% 54
\BOOKMARK [1][-]{section.7.2}{\376\377\000F\000u\000t\000u\000r\000e\000\040\000W\000o\000r\000k}{chapter.7}% 55
\BOOKMARK [1][-]{section.7.2}{\376\377\000R\000e\000f\000e\000r\000e\000n\000c\000e\000s}{chapter.7}% 56
\BOOKMARK [1][-]{section.Alph0.1}{\376\377\000S\000l\000i\000c\000e\000d\000\040\000W\000a\000s\000s\000e\000r\000s\000t\000e\000i\000n\000\040\000o\000n\000\040\000S\000y\000n\000t\000h\000e\000t\000i\000c\000\040\000D\000a\000t\000a\000\040\000-\000\040\000P\000e\000r\000f\000o\000r\000m\000a\000n\000c\000e\000\040\000T\000a\000b\000l\000e\000s}{chapter.7}% 57
\BOOKMARK [1][-]{section.Alph0.2}{\376\377\000L\000o\000o\000k\000-\000a\000h\000e\000a\000d\000\040\000r\000e\000g\000i\000m\000e\000\040\000s\000t\000r\000a\000t\000e\000g\000y}{chapter.7}% 58
\BOOKMARK [1][-]{section.Alph0.3}{\376\377\000S\000W\000\040\000k\000-\000m\000e\000a\000n\000s\000\040\000L\000o\000n\000g\000/\000S\000h\000o\000r\000t\000\040\000t\000r\000a\000d\000i\000n\000g\000\040\000s\000t\000r\000a\000t\000e\000g\000y}{chapter.7}% 59
\BOOKMARK [1][-]{section.Alph0.4}{\376\377\000I\000m\000p\000l\000i\000e\000d\000\040\000P\000r\000o\000b\000a\000b\000i\000l\000i\000t\000y\000\040\000S\000W\000\040\000k\000-\000m\000e\000a\000n\000s\000\040\000t\000r\000a\000d\000i\000n\000g\000\040\000s\000t\000r\000a\000t\000e\000g\000y}{chapter.7}% 60
